Loading data...
Total unique highways found: 27
Processing 7099 stations for matrix...
  Processed 100/7099 stations
  Processed 200/7099 stations
  Processed 300/7099 stations
  Processed 400/7099 stations
  Processed 500/7099 stations
  Processed 600/7099 stations
  Processed 700/7099 stations
  Processed 800/7099 stations
  Processed 900/7099 stations
  Processed 1000/7099 stations
  Processed 1100/7099 stations
  Processed 1200/7099 stations
  Processed 1300/7099 stations
  Processed 1400/7099 stations
  Processed 1500/7099 stations
  Processed 1600/7099 stations
  Processed 1700/7099 stations
  Processed 1800/7099 stations
  Processed 1900/7099 stations
  Processed 2000/7099 stations
  Processed 2100/7099 stations
  Processed 2200/7099 stations
  Processed 2300/7099 stations
  Processed 2400/7099 stations
  Processed 2500/7099 stations
  Processed 2600/7099 stations
  Processed 2700/7099 stations
  Processed 2800/7099 stations
  Processed 2900/7099 stations
  Processed 3000/7099 stations
  Processed 3100/7099 stations
  Processed 3200/7099 stations
  Processed 3300/7099 stations
  Processed 3400/7099 stations
  Processed 3500/7099 stations
  Processed 3600/7099 stations
  Processed 3700/7099 stations
  Processed 3800/7099 stations
  Processed 3900/7099 stations
  Processed 4000/7099 stations
  Processed 4100/7099 stations
  Processed 4200/7099 stations
  Processed 4300/7099 stations
  Processed 4400/7099 stations
  Processed 4500/7099 stations
  Processed 4600/7099 stations
  Processed 4700/7099 stations
  Processed 4800/7099 stations
  Processed 4900/7099 stations
  Processed 5000/7099 stations
  Processed 5100/7099 stations
  Processed 5200/7099 stations
  Processed 5300/7099 stations
  Processed 5400/7099 stations
  Processed 5500/7099 stations
  Processed 5600/7099 stations
  Processed 5700/7099 stations
  Processed 5800/7099 stations
  Processed 5900/7099 stations
  Processed 6000/7099 stations
  Processed 6100/7099 stations
  Processed 6200/7099 stations
  Processed 6300/7099 stations
  Processed 6400/7099 stations
  Processed 6500/7099 stations
  Processed 6600/7099 stations
  Processed 6700/7099 stations
  Processed 6800/7099 stations
  Processed 6900/7099 stations
  Processed 7000/7099 stations
Finished processing. Used fallback for 105 stations.
Saving to database...
Successfully created station_highway_matrix with 7099 rows.
